---
source: snowchains_core/tests/atcoder-retrieve-test-cases.rs
assertion_line: 143
expression: messages

---
[
    OnRequest(
        GET,
        Url {
            scheme: "https",
            cannot_be_a_base: false,
            username: "",
            password: None,
            host: Some(
                Domain(
                    "atcoder.jp",
                ),
            ),
            port: None,
            path: "/contests/practice/tasks",
            query: None,
            fragment: None,
        },
    ),
    OnResponse(
        404,
        Warn,
    ),
    OnRequest(
        GET,
        Url {
            scheme: "https",
            cannot_be_a_base: false,
            username: "",
            password: None,
            host: Some(
                Domain(
                    "atcoder.jp",
                ),
            ),
            port: None,
            path: "/contests/practice",
            query: None,
            fragment: None,
        },
    ),
    OnResponse(
        200,
        Ok,
    ),
    OnRequest(
        GET,
        Url {
            scheme: "https",
            cannot_be_a_base: false,
            username: "",
            password: None,
            host: Some(
                Domain(
                    "atcoder.jp",
                ),
            ),
            port: None,
            path: "/settings",
            query: None,
            fragment: None,
        },
    ),
    OnResponse(
        302,
        Warn,
    ),
    OnRequest(
        GET,
        Url {
            scheme: "https",
            cannot_be_a_base: false,
            username: "",
            password: None,
            host: Some(
                Domain(
                    "atcoder.jp",
                ),
            ),
            port: None,
            path: "/login",
            query: None,
            fragment: None,
        },
    ),
    OnResponse(
        200,
        Ok,
    ),
    OnRequest(
        POST,
        Url {
            scheme: "https",
            cannot_be_a_base: false,
            username: "",
            password: None,
            host: Some(
                Domain(
                    "atcoder.jp",
                ),
            ),
            port: None,
            path: "/login",
            query: None,
            fragment: None,
        },
    ),
    OnResponse(
        302,
        Ok,
    ),
    OnRequest(
        GET,
        Url {
            scheme: "https",
            cannot_be_a_base: false,
            username: "",
            password: None,
            host: Some(
                Domain(
                    "atcoder.jp",
                ),
            ),
            port: None,
            path: "/settings",
            query: None,
            fragment: None,
        },
    ),
    OnResponse(
        200,
        Ok,
    ),
    OnRequest(
        GET,
        Url {
            scheme: "https",
            cannot_be_a_base: false,
            username: "",
            password: None,
            host: Some(
                Domain(
                    "atcoder.jp",
                ),
            ),
            port: None,
            path: "/contests/practice",
            query: None,
            fragment: None,
        },
    ),
    OnResponse(
        200,
        Ok,
    ),
    OnRequest(
        GET,
        Url {
            scheme: "https",
            cannot_be_a_base: false,
            username: "",
            password: None,
            host: Some(
                Domain(
                    "atcoder.jp",
                ),
            ),
            port: None,
            path: "/contests/practice/tasks",
            query: None,
            fragment: None,
        },
    ),
    OnResponse(
        200,
        Ok,
    ),
    OnRequest(
        GET,
        Url {
            scheme: "https",
            cannot_be_a_base: false,
            username: "",
            password: None,
            host: Some(
                Domain(
                    "atcoder.jp",
                ),
            ),
            port: None,
            path: "/contests/practice/tasks_print",
            query: None,
            fragment: None,
        },
    ),
    OnResponse(
        200,
        Ok,
    ),
]
