---
source: snowchains_core/tests/codeforces-retrieve-test-cases.rs
expression: outcome
---
{
  "problems": [
    {
      "contest": {
        "id": "340",
        "display_name": "Codeforces Round #198 (Div. 2)",
        "url": "https://codeforces.com/contest/340",
        "submissions_url": "https://codeforces.com/contest/340/my"
      },
      "index": "A",
      "url": "https://codeforces.com/contest/340/problem/A",
      "screen_name": null,
      "display_name": "The Wall",
      "test_suite": {
        "type": "Batch",
        "timelimit": "1s",
        "match": "Lines",
        "cases": [
          {
            "name": "example1",
            "in": "2 3 6 18\n",
            "out": "3",
            "timelimit": null,
            "match": null
          }
        ],
        "extend": []
      },
      "text_files": {}
    },
    {
      "contest": {
        "id": "340",
        "display_name": "Codeforces Round #198 (Div. 2)",
        "url": "https://codeforces.com/contest/340",
        "submissions_url": "https://codeforces.com/contest/340/my"
      },
      "index": "B",
      "url": "https://codeforces.com/contest/340/problem/B",
      "screen_name": null,
      "display_name": "Maximal Area Quadrilateral",
      "test_suite": {
        "type": "Batch",
        "timelimit": "1s",
        "match": "Lines",
        "cases": [
          {
            "name": "example1",
            "in": "5\n0 0\n0 4\n4 0\n4 4\n2 3\n",
            "out": "16.000000",
            "timelimit": null,
            "match": null
          }
        ],
        "extend": []
      },
      "text_files": {}
    },
    {
      "contest": {
        "id": "340",
        "display_name": "Codeforces Round #198 (Div. 2)",
        "url": "https://codeforces.com/contest/340",
        "submissions_url": "https://codeforces.com/contest/340/my"
      },
      "index": "C",
      "url": "https://codeforces.com/contest/340/problem/C",
      "screen_name": null,
      "display_name": "Tourist Problem",
      "test_suite": {
        "type": "Batch",
        "timelimit": "1s",
        "match": "Lines",
        "cases": [
          {
            "name": "example1",
            "in": "3\n2 3 5\n",
            "out": "22 3",
            "timelimit": null,
            "match": null
          }
        ],
        "extend": []
      },
      "text_files": {}
    },
    {
      "contest": {
        "id": "340",
        "display_name": "Codeforces Round #198 (Div. 2)",
        "url": "https://codeforces.com/contest/340",
        "submissions_url": "https://codeforces.com/contest/340/my"
      },
      "index": "D",
      "url": "https://codeforces.com/contest/340/problem/D",
      "screen_name": null,
      "display_name": "Bubble Sort Graph",
      "test_suite": {
        "type": "Batch",
        "timelimit": "1s",
        "match": "Lines",
        "cases": [
          {
            "name": "example1",
            "in": "3\n3 1 2\n",
            "out": "2\n",
            "timelimit": null,
            "match": null
          }
        ],
        "extend": []
      },
      "text_files": {}
    },
    {
      "contest": {
        "id": "340",
        "display_name": "Codeforces Round #198 (Div. 2)",
        "url": "https://codeforces.com/contest/340",
        "submissions_url": "https://codeforces.com/contest/340/my"
      },
      "index": "E",
      "url": "https://codeforces.com/contest/340/problem/E",
      "screen_name": null,
      "display_name": "Iahub and Permutations",
      "test_suite": {
        "type": "Batch",
        "timelimit": "1s",
        "match": "Lines",
        "cases": [
          {
            "name": "example1",
            "in": "5\n-1 -1 4 3 -1\n",
            "out": "2\n",
            "timelimit": null,
            "match": null
          }
        ],
        "extend": []
      },
      "text_files": {}
    }
  ]
}
